(base) PS F:\proj_boot\git_practice\vibe-pr-practice> mkdir task_done\backend


    디렉터리: F:\proj_boot\git_practice\vibe-pr-practice\task_done


Mode                 LastWriteTime         Length Name                                                      
----                 -------------         ------ ----                                                      
d-----      2026-05-06  오후 11:41                backend                                                   


(base) PS F:\proj_boot\git_practice\vibe-pr-practice> git mv task\backend\issue-2.md task_done\backend\issue-2.md
(base) PS F:\proj_boot\git_practice\vibe-pr-practice> git mv task\backend\review-2.md task_done\backend\review-2.md
(base) PS F:\proj_boot\git_practice\vibe-pr-practice> git status
On branch main
Your branch is up to date with 'origin/main'.

Changes to be committed:
  (use "git restore --staged <file>..." to unstage)
        renamed:    task/backend/issue-2.md -> task_done/backend/issue-2.md
        renamed:    task/backend/review-2.md -> task_done/backend/review-2.md

Changes not staged for commit:
  (use "git add <file>..." to update what will be committed)
  (use "git restore <file>..." to discard changes in working directory)
        modified:   task_done/backend/issue-2.md
        modified:   task_done/backend/review-2.md
        modified:   task_hans/05-github-issue-guide.md
        modified:   task_hans/99-git-basic-command-guide.md

Untracked files:
  (use "git add <file>..." to include in what will be committed)
        task_docs/
        task_hans/02-1-manager-review-merge-practice.md
        task_hans/06-git-stash-practice.md
        task_hans/07-git manager-work log.txt
        task_hans/97-gh-auth-account-guide.md
        task_hans/98-private-repo-access-guide.md

(base) PS F:\proj_boot\git_practice\vibe-pr-practice> git commit -m "chore: move completed backend task"
[main d68509c] chore: move completed backend task
 2 files changed, 0 insertions(+), 0 deletions(-)
 rename {task => task_done}/backend/issue-2.md (100%)
 rename {task => task_done}/backend/review-2.md (100%)
(base) PS F:\proj_boot\git_practice\vibe-pr-practice> git push origin main
Enumerating objects: 7, done.
Counting objects: 100% (7/7), done.
Delta compression using up to 22 threads
Compressing objects: 100% (3/3), done.
Writing objects: 100% (4/4), 442 bytes | 442.00 KiB/s, done.
Total 4 (delta 1), reused 0 (delta 0), pack-reused 0 (from 0)
remote: Resolving deltas: 100% (1/1), completed with 1 local object.
To https://github.com/llmragdev/vibe-pr-practice.git
   1c896dc..d68509c  main -> main
(base) PS F:\proj_boot\git_practice\vibe-pr-practice> git status
On branch main
Your branch is up to date with 'origin/main'.

Changes not staged for commit:
  (use "git add <file>..." to update what will be committed)
  (use "git restore <file>..." to discard changes in working directory)
        modified:   task_done/backend/issue-2.md
        modified:   task_done/backend/review-2.md
        modified:   task_hans/05-github-issue-guide.md
        modified:   task_hans/99-git-basic-command-guide.md

Untracked files:
  (use "git add <file>..." to include in what will be committed)
        task_docs/
        task_hans/02-1-manager-review-merge-practice.md
        task_hans/06-git-stash-practice.md
        task_hans/07-git manager-work log.txt
        task_hans/97-gh-auth-account-guide.md
        task_hans/98-private-repo-access-guide.md

no changes added to commit (use "git add" and/or "git commit -a")
(base) PS F:\proj_boot\git_practice\vibe-pr-practice> gh pr list --state all --limit 5

Showing 2 of 2 pull requests in llmragdev/vibe-pr-practice that match your search

ID  TITLE                                        BRANCH                                    CREATED AT        
#3  feat: add version to health response #2      vibe/worker/backend-health-version-2      about 2 hours ago
#1  feat: add exclamation to frontend greeti...  vibe/worker/frontend-greet-exclamation-1  about 22 hours ago
(base) PS F:\proj_boot\git_practice\vibe-pr-practice> gh issue list --state all --limit 5

Showing 1 of 1 issue in llmragdev/vibe-pr-practice that matches your search

ID  TITLE                                    LABELS  UPDATED         
#2  backend: add version to health response          about 1 hour ago
(base) PS F:\proj_boot\git_practice\vibe-pr-practice> 